#   E   nblk    n_max     sum_L n_L^2   prep+eval[s]   cumulative[s]
    0      1        1               1          0.000          0.000
    1      1        2               4          0.000          0.000
    2      3        3              19          0.000          0.000
    3      3        6              56          0.000          0.000
    4      5        9             160          0.000          0.000
    5      5       12             376          0.000          0.000
    6      7       18             840          0.000          0.000
    7      7       24            1688          0.000          0.000
    8      9       30            3245          0.000          0.001
    9      9       40            5836          0.001          0.001
   10     11       50           10127          0.001          0.002
   11     11       60           16784          0.001          0.003
   12     13       75           27032          0.002          0.005
   13     13       90           42096          0.003          0.008
   14     15      105           64056          0.004          0.012
   15     15      126           94992          0.006          0.018
   16     17      147          138225          0.008          0.026
   17     17      168          197076          0.011          0.036
   18     19      196          276595          0.015          0.051
   19     19      224          381832          0.019          0.070
   20     21      252          520168          0.026          0.096
   21     21      288          698984          0.033          0.129
   22     23      324          928720          0.044          0.173
   23     23      360         1219816          0.055          0.228
   24     25      405         1586637          0.073          0.301
   25     25      450         2043548          0.090          0.391
   26     27      495         2609855          0.121          0.512
   27     27      550         3304864          0.144          0.656
   28     29      605         4154000          0.187          0.843
   29     29      660         5182688          0.227          1.069
   30     31      726         6423824          0.294          1.363
   31     31      792         7910304          0.349          1.712
   32     33      858         9684033          0.455          2.168
   33     33      936        11786916          0.539          2.706
   34     35     1014        14271603          0.687          3.393
   35     35     1092        17190744          0.810          4.203
   36     37     1183        20609680          1.018          5.221
   37     37     1274        24593752          1.201          6.422
   38     39     1365        29223160          1.506          7.927
   39     39     1470        34578104          1.758          9.685
   40     41     1575        40756045          2.202         11.888
   41     41     1680        47854444          2.567         14.455
   42     43     1800        55990671          3.166         17.621
   43     43     1920        65282096          3.716         21.337
   44     45     2040        75868904          4.506         25.842
   45     45     2176        87891280          5.355         31.197
   46     47     2312       101515400          6.584         37.782
   47     47     2448       116907440          7.616         45.397
   48     49     2601       134263025          9.200         54.597
   49     49     2754       153777780         10.576         65.174
   50     51     2907       175680531         13.067         78.241
# TOTAL blocks=  1301  brackets=    1255570056  time=    78.24 s

#   E   n_max   diag[s]        eps_ladder
    8      30     0.000         1.954E-14
   12      75     0.001         6.861E-14
   16     147     0.002         2.811E-13
   20     252     0.006         1.440E-12
   24     405     0.019         5.827E-12
   28     605     0.057         6.565E-11
   30     726     0.091         6.318E-10
   35    1092     0.295         9.490E-09
   40    1575     0.835         5.645E-08
   45    2176     2.233         1.384E-06
   50    2907     5.639         4.521E-06
